Traceback (most recent call last):
  File "D:\developement\projects\AI-Courses\react-langchain\execise.py", line 260, in <module>
    print("\U0001f680 Tool Calling Exercise - Student Version")
  File "C:\Users\Vinh\AppData\Local\Programs\Python\Python312\Lib\encodings\cp1252.py", line 19, in encode
    return codecs.charmap_encode(input,self.errors,encoding_table)[0]
           ^^^^^^^^^^^^^^^^^^^^^^^^^^^^^^^^^^^^^^^^^^^^^^^^^^^^^^^
UnicodeEncodeError: 'charmap' codec can't encode character '\U0001f680' in position 0: character maps to <undefined>
